// Jest Snapshot v1, https://goo.gl/fbAQLP

exports[`<Layout /> should render antd Spin component with wrapper 1`] = `
<div>
  <div
    class="sc-bczRLJ cpPpMB"
  >
    <div
      data-component="antd/Spin"
    />
  </div>
</div>
`;
